=== [1/4] validation losses (lobe) ===
env=lobe  val subset=10000  K=4  seed=20260901
epoch   5: val loss 1.270713  (n=10000)
epoch  10: val loss 0.809714  (n=10000)
epoch  15: val loss 0.563161  (n=10000)
epoch  20: val loss 0.419402  (n=10000)
epoch  25: val loss 0.328434  (n=10000)
epoch  30: val loss 0.271647  (n=10000)
epoch  35: val loss 0.235495  (n=10000)
epoch  40: val loss 0.210969  (n=10000)

Best: epoch 40 (0.210969)   last: epoch 40 (0.210969)
ANTI-UNDERTRAINING: FIRES (best == final epoch)
Saved: /scratch/08405/ilgar/specialist_runs/lobe/checkpoints/val_losses.json
BEST_EPOCH=40 ANTI_UNDERTRAINING_FIRES=YES CKPT=/scratch/08405/ilgar/specialist_runs/lobe/checkpoints/inference_epoch040.pt
=== [2/4] generation (512 volumes, Table 6, seed offset +500000) ===
self-test OK: replica sampler is bit-identical to FlowMatching.sample
lobe k=0 rows 0-255: 57s elapsed
lobe k=0 rows 256-511: 114s elapsed
lobe: saved (512, 64, 64, 32) ntg_mean=0.4757
done: 512 volumes in 117.5s -> /work/08405/ilgar/vista/resbench_eval/specialist_lobe/generation_manifest_a.json
=== [3/4] ResBench scoring ===
| environment | |dNTG| | variogram MAE/sill | connectivity MAE | geobody W1 (log10) | |d largest frac| | well mismatch % |
|---|---|---|---|---|---|---|
| lobe | 0.0271 (near; band 0.0253) | 0.0895 (outside; band 0.0065) | 0.0223 (inside; band 0.0274) | 0.2473 (outside; band 0.0305) | 0.0284 (inside; band 0.0386) | n/a |
| pooled | 0.0271 (near; band 0.0253) | 0.0895 (outside; band 0.0065) | 0.0223 (inside; band 0.0274) | 0.2473 (outside; band 0.0305) | 0.0284 (inside; band 0.0386) | n/a |
=== [4/4] compartmentalization posthoc ===
## Geobody W1 vs minimum body size (post-hoc)

| environment | W1 min≥1 (band) | W1 min≥2 (band) | W1 min≥8 (band) |
|---|---|---|---|
| lobe | 0.2473 (outside; 0.0305) | 0.4862 (outside; 0.0457) | 0.1177 (near; 0.0657) |
| pooled | 0.2473 (n/a; —) | 0.4862 (n/a; —) | 0.1177 (n/a; —) |

## Per-volume compartmentalization: reference vs ResFlow (post-hoc)

| environment | % vols τ_z<0.99 ref | gen | % vols spanning z ref | gen | largest-frac median [IQR] ref | gen |
|---|---|---|---|---|---|---|
| lobe | 88.5% [85.4, 91.0] | 94.7% [92.4, 96.4] | 33.4% [29.4, 37.6] | 33.6% [29.6, 37.8] | 0.292 [0.172, 0.730] | 0.337 [0.208, 0.752] |
PIPELINE_DONE tag=lobe best_epoch=40 fires=YES
