=== [1/5] official paired val eval on 80-run checkpoints ===
env=channel:PV_SHOESTRING  val subset=5000  K=4  seed=20260901
epoch   5: val loss 1.348472  (n=5000)
epoch  10: val loss 1.057413  (n=5000)
epoch  15: val loss 1.021270  (n=5000)
epoch  20: val loss 0.788309  (n=5000)
epoch  25: val loss 0.640733  (n=5000)
epoch  30: val loss 0.553210  (n=5000)
epoch  35: val loss 0.486323  (n=5000)
epoch  40: val loss 0.427714  (n=5000)
epoch  45: val loss 0.377574  (n=5000)
epoch  50: val loss 0.334107  (n=5000)
epoch  55: val loss 0.300163  (n=5000)
epoch  60: val loss 0.274120  (n=5000)
epoch  65: val loss 0.253535  (n=5000)
epoch  70: val loss 0.236349  (n=5000)
epoch  75: val loss 0.221490  (n=5000)
epoch  80: val loss 0.208461  (n=5000)

Best: epoch 80 (0.208461)   last: epoch 80 (0.208461)
ANTI-UNDERTRAINING: FIRES (best == final epoch)
Saved: /scratch/08405/ilgar/specialist_runs/pv_shoestring_80ep/checkpoints/val_losses.json
UNION_ARGMIN run=80 epoch=80 val=0.208461 ckpt=/scratch/08405/ilgar/specialist_runs/pv_shoestring_80ep/checkpoints/inference_epoch080.pt
=== [2/5] generation (512, Table 6, offset manifest) ===
self-test OK: replica sampler is bit-identical to FlowMatching.sample
channel:PV_SHOESTRING k=0 rows 0-255: 57s elapsed
channel:PV_SHOESTRING k=0 rows 256-511: 114s elapsed
channel:PV_SHOESTRING: saved (512, 64, 64, 32) ntg_mean=0.1811
done: 512 volumes in 115.8s -> /work/08405/ilgar/vista/resbench_eval/specialist_pv_shoestring_ext/generation_manifest_a.json
=== [3/5] ResBench scoring ===
| environment | |dNTG| | variogram MAE/sill | connectivity MAE | geobody W1 (log10) | |d largest frac| | well mismatch % |
|---|---|---|---|---|---|---|
| channel:PV_SHOESTRING | 0.0438 (outside; band 0.0030) | 0.1023 (outside; band 0.0138) | 0.0100 (outside; band 0.0021) | 0.1581 (outside; band 0.0140) | 0.0638 (outside; band 0.0179) | n/a |
| pooled | 0.0438 (outside; band 0.0030) | 0.1023 (outside; band 0.0138) | 0.0100 (outside; band 0.0021) | 0.1581 (outside; band 0.0140) | 0.0638 (outside; band 0.0179) | n/a |
=== [4/5] posthoc ===
## Geobody W1 vs minimum body size (post-hoc)

| environment | W1 min≥1 (band) | W1 min≥2 (band) | W1 min≥8 (band) |
|---|---|---|---|
| channel:PV_SHOESTRING | 0.1581 (outside; 0.0140) | 0.2843 (outside; 0.0296) | 0.1313 (near; 0.0693) |
| pooled | 0.1581 (n/a; —) | 0.2843 (n/a; —) | 0.1313 (n/a; —) |

## Per-volume compartmentalization: reference vs ResFlow (post-hoc)

| environment | % vols τ_z<0.99 ref | gen | % vols spanning z ref | gen | largest-frac median [IQR] ref | gen |
|---|---|---|---|---|---|---|
| channel:PV_SHOESTRING | 28.7% [25.0, 32.8] | 39.8% [35.7, 44.1] | 74.0% [70.1, 77.6] | 94.3% [92.0, 96.0] | 0.995 [0.903, 0.998] | 0.990 [0.977, 0.995] |
=== [5/5] rebuild comparison ===
channel:PV_SHOESTRING: specialist-run band == frozen band: False (expected False (index differs; frozen band used))
lobe: specialist-run band == frozen band: True (expected True)
| environment | source | |dNTG| | variogram MAE/sill | connectivity MAE | geobody W1 (log10) | |d largest frac| | well mismatch % |
|---|---|---|---|---|---|---|---|
| channel:PV_SHOESTRING | split-half band | 0.0050 | 0.0115 | 0.0014 | 0.0125 | 0.0117 | n/a |
| channel:PV_SHOESTRING | foundation | 0.0069 (near) | 0.0202 (near) | 0.0034 (outside) | 0.0210 (near) | 0.0443 (outside) | 0.000 (inside) |
| channel:PV_SHOESTRING | specialist (matched 40 ep) | 0.0398 (outside) | 0.1067 (outside) | 0.1326 (outside) | 0.0670 (outside) | 0.0806 (outside) | n/a* |
| channel:PV_SHOESTRING | specialist (ext, union argmin) | 0.0438 (outside) | 0.1023 (outside) | 0.0100 (outside) | 0.1581 (outside) | 0.0638 (outside) | n/a* |
| lobe | split-half band | 0.0253 | 0.0065 | 0.0274 | 0.0305 | 0.0386 | n/a |
| lobe | foundation | 0.0026 (inside) | 0.0121 (near) | 0.0356 (near) | 0.0588 (near) | 0.0227 (inside) | 0.000 (inside) |
| lobe | specialist (matched 40 ep) | 0.0271 (near) | 0.0895 (outside) | 0.0223 (inside) | 0.2473 (outside) | 0.0284 (inside) | n/a* |

\* Well-conditioned generation out of scope for specialists (EVAL.md Addendum E.1): exactitude is guaranteed by hard replacement independent of weights.
PARITY channel:PV_SHOESTRING: SUBSTANTIATED
PARITY lobe: NOT substantiated
fig: /work/08405/ilgar/vista/codes/ResBench/results/specialists/variogram_overlay_pv_shoestring.pdf
fig: /work/08405/ilgar/vista/codes/ResBench/results/specialists/variogram_overlay_pv_shoestring.png
fig: /work/08405/ilgar/vista/codes/ResBench/results/specialists/conn_overlay_pv_shoestring.pdf
fig: /work/08405/ilgar/vista/codes/ResBench/results/specialists/conn_overlay_pv_shoestring.png
fig: /work/08405/ilgar/vista/codes/ResBench/results/specialists/geobody_cdf_pv_shoestring.pdf
fig: /work/08405/ilgar/vista/codes/ResBench/results/specialists/geobody_cdf_pv_shoestring.png
fig: /work/08405/ilgar/vista/codes/ResBench/results/specialists/ntg_hist_pv_shoestring.pdf
fig: /work/08405/ilgar/vista/codes/ResBench/results/specialists/ntg_hist_pv_shoestring.png
fig: /work/08405/ilgar/vista/codes/ResBench/results/specialists/variogram_overlay_lobe.pdf
fig: /work/08405/ilgar/vista/codes/ResBench/results/specialists/variogram_overlay_lobe.png
fig: /work/08405/ilgar/vista/codes/ResBench/results/specialists/conn_overlay_lobe.pdf
fig: /work/08405/ilgar/vista/codes/ResBench/results/specialists/conn_overlay_lobe.png
fig: /work/08405/ilgar/vista/codes/ResBench/results/specialists/geobody_cdf_lobe.pdf
fig: /work/08405/ilgar/vista/codes/ResBench/results/specialists/geobody_cdf_lobe.png
fig: /work/08405/ilgar/vista/codes/ResBench/results/specialists/ntg_hist_lobe.pdf
fig: /work/08405/ilgar/vista/codes/ResBench/results/specialists/ntg_hist_lobe.png
| environment | source | frac τ_z<0.99 [95% CI] | floor-to-surface span frac [95% CI] | largest-body frac median [IQR] |
|---|---|---|---|---|
| channel:PV_SHOESTRING | reference | 0.287 [0.250, 0.328] | 0.740 [0.701, 0.776] | 0.995 [0.903, 0.998] |
| channel:PV_SHOESTRING | foundation | 0.270 [0.233, 0.310] | 0.852 [0.818, 0.880] | 0.994 [0.980, 0.998] |
| channel:PV_SHOESTRING | specialist (40 ep) | 1.000 [0.993, 1.000] | 0.783 [0.746, 0.817] | 0.838 [0.764, 0.912] |
| channel:PV_SHOESTRING | specialist (ext) | 0.398 [0.357, 0.441] | 0.943 [0.920, 0.960] | 0.990 [0.977, 0.995] |
| lobe | reference | 0.885 [0.854, 0.910] | 0.334 [0.294, 0.376] | 0.292 [0.172, 0.730] |
| lobe | foundation | 0.822 [0.787, 0.853] | 0.373 [0.332, 0.416] | 0.295 [0.170, 0.830] |
| lobe | specialist (40 ep) | 0.947 [0.924, 0.964] | 0.336 [0.296, 0.378] | 0.337 [0.208, 0.752] |
PV80_FINALIZE_DONE best_run=80 best_epoch=80 best_val=0.208461
